// Jest Snapshot v1, https://goo.gl/fbAQLP

exports[`Login Form Will show an error toast if authentication fails 1`] = `
Array [
  "toast",
  Object {
    "description": "Check your username and password and try again",
    "id": "login-failed",
    "message": "Login failed",
    "type": "is-danger",
  },
]
`;

exports[`Login Form Will validate that username and password are entered 1`] = `"Username or email is required"`;

exports[`Login Form Will validate that username and password are entered 2`] = `"Password is required"`;
