// Jest Snapshot v1, https://goo.gl/fbAQLP

exports[`ResetPasswordForm component Will raise validation error if username or email is invalid 1`] = `"Must be a valid username or email address"`;

exports[`ResetPasswordForm component Will raise validation error if username or email is not entered 1`] = `"Username or email is required"`;
